Unknown fragment `UnknownUserFragment` referenced from `ParentUserFragment`.
