RelayCompiler: Encountered validation errors:
* Unknown fragment `UnknownUserFragment` referenced from `ParentUserFragment`.
