ERROR:

Error: unknown: BabelPluginGraphQL: Expected exactly one operation (query, mutation, or subscription) per graphql tag.
