ERROR:

Error: unknown: BabelPluginGraphQL: Expected only fragments within this graphql tag.
