ERROR:

Error: unknown: BabelPluginGraphQL: Expected exactly one fragment in the graphql tag referenced by the property user.
